data/breakfast-at-the-frat/subsets/complete/3800031829-2513-complete.csv
"WEEK_END_DATE","STORE_NUM","UPC","UNITS","VISITS","HHS","SPEND","PRICE","BASE_PRICE","FEATURE","DISPLAY","TPR_ONLY","WEEK_END_DATE_2","YEAR","MONTH","DAY_OF_MONTH","ABS_DISCOUNT","REL_DISCOUNT"
"14-01-2009",2513,3800031829,63,58,57,181.44,2.88,2.88,0,0,0,2009-01-14,2009,1,14,0,0
"21-01-2009",2513,3800031829,62,58,55,178.56,2.88,2.88,0,0,0,2009-01-21,2009,1,21,0,0
"28-01-2009",2513,3800031829,81,77,76,233.28,2.88,2.88,0,0,0,2009-01-28,2009,1,28,0,0
"04-02-2009",2513,3800031829,71,66,65,204.48,2.88,2.88,0,0,0,2009-02-04,2009,2,4,0,0
"11-02-2009",2513,3800031829,87,82,81,250.56,2.88,2.88,0,0,0,2009-02-11,2009,2,11,0,0
"18-02-2009",2513,3800031829,70,63,60,201.6,2.88,2.88,0,0,0,2009-02-18,2009,2,18,0,0
"25-02-2009",2513,3800031829,90,83,77,259.2,2.88,2.88,0,0,0,2009-02-25,2009,2,25,0,0
"04-03-2009",2513,3800031829,71,66,64,204.48,2.88,2.88,0,0,0,2009-03-04,2009,3,4,0,0
"11-03-2009",2513,3800031829,70,65,64,201.6,2.88,2.88,0,0,0,2009-03-11,2009,3,11,0,0
"18-03-2009",2513,3800031829,86,78,75,216.72,2.52,2.88,1,0,0,2009-03-18,2009,3,18,-0.36,-0.125
"25-03-2009",2513,3800031829,96,90,87,240.96,2.51,2.88,1,0,0,2009-03-25,2009,3,25,-0.37,-0.128472222222222
"01-04-2009",2513,3800031829,73,67,65,182.5,2.5,2.88,0,0,1,2009-04-01,2009,4,1,-0.38,-0.131944444444444
"08-04-2009",2513,3800031829,81,78,73,233.28,2.88,2.88,0,0,0,2009-04-08,2009,4,8,0,0
"15-04-2009",2513,3800031829,56,53,53,161.28,2.88,2.88,0,0,0,2009-04-15,2009,4,15,0,0
"22-04-2009",2513,3800031829,64,61,61,184.32,2.88,2.88,0,0,0,2009-04-22,2009,4,22,0,0
"29-04-2009",2513,3800031829,64,59,56,184.32,2.88,2.88,0,0,0,2009-04-29,2009,4,29,0,0
"06-05-2009",2513,3800031829,77,76,71,221.76,2.88,2.88,0,0,0,2009-05-06,2009,5,6,0,0
"13-05-2009",2513,3800031829,115,91,91,228.85,1.99,2.88,1,0,0,2009-05-13,2009,5,13,-0.89,-0.309027777777778
"20-05-2009",2513,3800031829,74,65,62,203.5,2.75,2.75,0,0,0,2009-05-20,2009,5,20,0,0
"27-05-2009",2513,3800031829,64,64,64,184.32,2.88,2.88,0,0,0,2009-05-27,2009,5,27,0,0
"03-06-2009",2513,3800031829,88,86,84,253.44,2.88,2.88,0,0,0,2009-06-03,2009,6,3,0,0
"10-06-2009",2513,3800031829,50,50,50,144,2.88,2.88,0,0,0,2009-06-10,2009,6,10,0,0
"17-06-2009",2513,3800031829,72,64,61,207.36,2.88,2.88,0,0,0,2009-06-17,2009,6,17,0,0
"24-06-2009",2513,3800031829,75,63,62,216,2.88,2.88,0,0,0,2009-06-24,2009,6,24,0,0
"01-07-2009",2513,3800031829,65,63,62,187.2,2.88,2.88,0,0,0,2009-07-01,2009,7,1,0,0
"08-07-2009",2513,3800031829,59,56,56,169.92,2.88,2.88,0,0,0,2009-07-08,2009,7,8,0,0
"15-07-2009",2513,3800031829,68,66,65,195.84,2.88,2.88,0,0,0,2009-07-15,2009,7,15,0,0
"22-07-2009",2513,3800031829,103,86,84,277.07,2.69,2.88,1,0,0,2009-07-22,2009,7,22,-0.19,-0.0659722222222222
"29-07-2009",2513,3800031829,87,73,71,234.9,2.7,2.88,1,1,0,2009-07-29,2009,7,29,-0.18,-0.0624999999999999
"05-08-2009",2513,3800031829,64,62,61,184.32,2.88,2.88,0,0,0,2009-08-05,2009,8,5,0,0
"12-08-2009",2513,3800031829,51,47,46,146.88,2.88,2.88,0,0,0,2009-08-12,2009,8,12,0,0
"19-08-2009",2513,3800031829,57,50,50,164.16,2.88,2.88,0,0,0,2009-08-19,2009,8,19,0,0
"26-08-2009",2513,3800031829,54,51,49,155.52,2.88,2.88,0,0,0,2009-08-26,2009,8,26,0,0
"02-09-2009",2513,3800031829,52,50,48,149.76,2.88,2.88,0,0,0,2009-09-02,2009,9,2,0,0
"09-09-2009",2513,3800031829,30,25,25,86.4,2.88,2.88,0,0,0,2009-09-09,2009,9,9,0,0
"16-09-2009",2513,3800031829,44,41,41,126.72,2.88,2.88,0,0,0,2009-09-16,2009,9,16,0,0
"23-09-2009",2513,3800031829,41,40,40,118.08,2.88,2.88,0,0,0,2009-09-23,2009,9,23,0,0
"30-09-2009",2513,3800031829,42,40,40,120.96,2.88,2.88,0,0,0,2009-09-30,2009,9,30,0,0
"07-10-2009",2513,3800031829,44,41,41,126.72,2.88,2.88,0,0,0,2009-10-07,2009,10,7,0,0
"14-10-2009",2513,3800031829,37,36,36,106.56,2.88,2.88,0,0,0,2009-10-14,2009,10,14,0,0
"21-10-2009",2513,3800031829,51,51,50,146.88,2.88,2.88,0,0,0,2009-10-21,2009,10,21,0,0
"28-10-2009",2513,3800031829,49,45,45,141.12,2.88,2.88,0,0,0,2009-10-28,2009,10,28,0,0
"04-11-2009",2513,3800031829,32,30,30,92.16,2.88,2.88,0,0,0,2009-11-04,2009,11,4,0,0
"11-11-2009",2513,3800031829,61,55,55,175.68,2.88,2.88,0,0,0,2009-11-11,2009,11,11,0,0
"18-11-2009",2513,3800031829,50,44,43,144,2.88,2.88,0,0,0,2009-11-18,2009,11,18,0,0
"25-11-2009",2513,3800031829,38,33,33,95,2.5,2.88,1,0,0,2009-11-25,2009,11,25,-0.38,-0.131944444444444
"02-12-2009",2513,3800031829,50,44,44,125,2.5,2.88,1,0,0,2009-12-02,2009,12,2,-0.38,-0.131944444444444
"09-12-2009",2513,3800031829,52,51,50,149.76,2.88,2.88,0,0,0,2009-12-09,2009,12,9,0,0
"16-12-2009",2513,3800031829,47,41,40,135.36,2.88,2.88,0,0,0,2009-12-16,2009,12,16,0,0
"23-12-2009",2513,3800031829,36,33,33,103.68,2.88,2.88,0,0,0,2009-12-23,2009,12,23,0,0
"30-12-2009",2513,3800031829,29,26,26,83.52,2.88,2.88,1,0,0,2009-12-30,2009,12,30,0,0
"06-01-2010",2513,3800031829,43,40,39,123.84,2.88,2.88,0,0,0,2010-01-06,2010,1,6,0,0
"13-01-2010",2513,3800031829,33,30,28,95.04,2.88,2.88,0,0,0,2010-01-13,2010,1,13,0,0
"20-01-2010",2513,3800031829,37,37,34,106.56,2.88,2.88,0,0,0,2010-01-20,2010,1,20,0,0
"27-01-2010",2513,3800031829,48,44,43,138.24,2.88,2.88,0,0,0,2010-01-27,2010,1,27,0,0
"03-02-2010",2513,3800031829,34,32,30,97.92,2.88,2.88,0,0,0,2010-02-03,2010,2,3,0,0
"10-02-2010",2513,3800031829,34,31,31,97.92,2.88,2.88,0,0,0,2010-02-10,2010,2,10,0,0
"17-02-2010",2513,3800031829,35,30,29,100.8,2.88,2.88,0,0,0,2010-02-17,2010,2,17,0,0
"24-02-2010",2513,3800031829,31,29,29,89.28,2.88,2.88,0,0,0,2010-02-24,2010,2,24,0,0
"03-03-2010",2513,3800031829,88,77,76,220,2.5,2.88,0,0,1,2010-03-03,2010,3,3,-0.38,-0.131944444444444
"10-03-2010",2513,3800031829,75,70,65,216,2.88,2.88,0,0,0,2010-03-10,2010,3,10,0,0
"17-03-2010",2513,3800031829,33,30,30,95.04,2.88,2.88,0,0,0,2010-03-17,2010,3,17,0,0
"24-03-2010",2513,3800031829,90,71,70,249.3,2.77,2.88,1,1,0,2010-03-24,2010,3,24,-0.11,-0.0381944444444444
"31-03-2010",2513,3800031829,67,56,55,185.59,2.77,2.88,1,1,0,2010-03-31,2010,3,31,-0.11,-0.0381944444444444
"07-04-2010",2513,3800031829,43,43,42,123.84,2.88,2.88,0,0,0,2010-04-07,2010,4,7,0,0
"14-04-2010",2513,3800031829,55,51,50,158.4,2.88,2.88,0,0,0,2010-04-14,2010,4,14,0,0
"21-04-2010",2513,3800031829,42,38,37,120.96,2.88,2.88,0,0,0,2010-04-21,2010,4,21,0,0
"28-04-2010",2513,3800031829,44,43,41,126.72,2.88,2.88,0,0,0,2010-04-28,2010,4,28,0,0
"05-05-2010",2513,3800031829,47,39,39,117.5,2.5,2.88,1,0,0,2010-05-05,2010,5,5,-0.38,-0.131944444444444
"12-05-2010",2513,3800031829,46,43,43,132.02,2.87,2.87,0,0,0,2010-05-12,2010,5,12,0,0
"19-05-2010",2513,3800031829,56,51,51,161.28,2.88,2.88,0,0,0,2010-05-19,2010,5,19,0,0
"26-05-2010",2513,3800031829,51,41,40,146.88,2.88,2.88,0,0,0,2010-05-26,2010,5,26,0,0
"02-06-2010",2513,3800031829,43,42,42,123.84,2.88,2.88,0,0,0,2010-06-02,2010,6,2,0,0
"09-06-2010",2513,3800031829,45,38,37,132.75,2.95,2.88,1,0,0,2010-06-09,2010,6,9,0.0700000000000003,0.0243055555555557
"16-06-2010",2513,3800031829,82,69,68,205,2.5,2.88,1,1,0,2010-06-16,2010,6,16,-0.38,-0.131944444444444
"23-06-2010",2513,3800031829,39,34,33,97.5,2.5,2.88,0,0,1,2010-06-23,2010,6,23,-0.38,-0.131944444444444
"30-06-2010",2513,3800031829,28,25,25,83.16,2.97,2.97,0,0,0,2010-06-30,2010,6,30,0,0
"07-07-2010",2513,3800031829,31,28,28,97.96,3.16,3.16,0,0,0,2010-07-07,2010,7,7,0,0
"14-07-2010",2513,3800031829,75,60,58,153,2.04,3.16,1,0,0,2010-07-14,2010,7,14,-1.12,-0.354430379746835
"21-07-2010",2513,3800031829,28,26,26,89.32,3.19,3.19,0,0,0,2010-07-21,2010,7,21,0,0
"28-07-2010",2513,3800031829,18,16,16,57.42,3.19,3.19,0,0,0,2010-07-28,2010,7,28,0,0
"04-08-2010",2513,3800031829,29,28,28,92.51,3.19,3.19,0,0,0,2010-08-04,2010,8,4,0,0
"11-08-2010",2513,3800031829,24,24,22,76.56,3.19,3.19,0,0,0,2010-08-11,2010,8,11,0,0
"18-08-2010",2513,3800031829,36,34,34,114.84,3.19,3.19,0,0,0,2010-08-18,2010,8,18,0,0
"25-08-2010",2513,3800031829,34,29,28,108.46,3.19,3.19,0,0,0,2010-08-25,2010,8,25,0,0
"01-09-2010",2513,3800031829,30,28,28,95.7,3.19,3.19,0,0,0,2010-09-01,2010,9,1,0,0
"08-09-2010",2513,3800031829,22,20,20,70.18,3.19,3.19,0,0,0,2010-09-08,2010,9,8,0,0
"15-09-2010",2513,3800031829,12,12,12,38.28,3.19,3.19,0,0,0,2010-09-15,2010,9,15,0,0
"22-09-2010",2513,3800031829,21,21,21,66.99,3.19,3.19,0,0,0,2010-09-22,2010,9,22,0,0
"29-09-2010",2513,3800031829,27,24,24,86.13,3.19,3.19,0,0,0,2010-09-29,2010,9,29,0,0
"06-10-2010",2513,3800031829,25,24,23,79.75,3.19,3.19,0,0,0,2010-10-06,2010,10,6,0,0
"13-10-2010",2513,3800031829,19,17,17,60.61,3.19,3.19,0,0,0,2010-10-13,2010,10,13,0,0
"20-10-2010",2513,3800031829,34,27,27,96.9,2.85,3.19,0,0,1,2010-10-20,2010,10,20,-0.34,-0.106583072100313
"27-10-2010",2513,3800031829,43,39,39,107.5,2.5,3.19,0,0,1,2010-10-27,2010,10,27,-0.69,-0.216300940438871
"03-11-2010",2513,3800031829,35,32,32,87.5,2.5,3.19,0,0,1,2010-11-03,2010,11,3,-0.69,-0.216300940438871
"10-11-2010",2513,3800031829,57,50,50,142.5,2.5,3.19,0,0,1,2010-11-10,2010,11,10,-0.69,-0.216300940438871
"17-11-2010",2513,3800031829,31,25,25,77.5,2.5,3.19,1,0,0,2010-11-17,2010,11,17,-0.69,-0.216300940438871
"24-11-2010",2513,3800031829,49,40,40,122.5,2.5,3.19,0,0,1,2010-11-24,2010,11,24,-0.69,-0.216300940438871
"01-12-2010",2513,3800031829,46,39,39,120.06,2.61,3.19,0,0,1,2010-12-01,2010,12,1,-0.58,-0.181818181818182
"08-12-2010",2513,3800031829,23,21,21,73.37,3.19,3.19,0,0,0,2010-12-08,2010,12,8,0,0
"15-12-2010",2513,3800031829,24,23,23,75.12,3.13,3.13,0,0,0,2010-12-15,2010,12,15,0,0
"22-12-2010",2513,3800031829,15,14,14,47.85,3.19,3.19,0,0,0,2010-12-22,2010,12,22,0,0
"29-12-2010",2513,3800031829,13,13,13,41.47,3.19,3.19,0,0,0,2010-12-29,2010,12,29,0,0
"05-01-2011",2513,3800031829,27,25,25,86.13,3.19,3.19,0,0,0,2011-01-05,2011,1,5,0,0
"12-01-2011",2513,3800031829,30,28,28,95.7,3.19,3.19,0,0,0,2011-01-12,2011,1,12,0,0
"19-01-2011",2513,3800031829,26,24,24,82.94,3.19,3.19,0,0,0,2011-01-19,2011,1,19,0,0
"26-01-2011",2513,3800031829,23,23,22,73.37,3.19,3.19,0,0,0,2011-01-26,2011,1,26,0,0
"02-02-2011",2513,3800031829,30,29,29,95.7,3.19,3.19,0,0,0,2011-02-02,2011,2,2,0,0
"09-02-2011",2513,3800031829,39,26,15,124.41,3.19,3.19,0,0,0,2011-02-09,2011,2,9,0,0
"16-02-2011",2513,3800031829,55,49,48,137.5,2.5,3.19,1,1,0,2011-02-16,2011,2,16,-0.69,-0.216300940438871
"23-02-2011",2513,3800031829,36,33,33,90,2.5,3.19,0,0,1,2011-02-23,2011,2,23,-0.69,-0.216300940438871
"02-03-2011",2513,3800031829,49,44,44,122.5,2.5,3.19,0,0,1,2011-03-02,2011,3,2,-0.69,-0.216300940438871
"09-03-2011",2513,3800031829,26,25,25,82.16,3.16,3.16,0,0,0,2011-03-09,2011,3,9,0,0
"16-03-2011",2513,3800031829,27,24,24,86.13,3.19,3.19,0,0,0,2011-03-16,2011,3,16,0,0
"23-03-2011",2513,3800031829,28,26,26,89.32,3.19,3.19,0,0,0,2011-03-23,2011,3,23,0,0
"30-03-2011",2513,3800031829,21,19,19,66.99,3.19,3.19,0,0,0,2011-03-30,2011,3,30,0,0
"06-04-2011",2513,3800031829,29,28,28,95.99,3.31,3.31,0,0,0,2011-04-06,2011,4,6,0,0
"13-04-2011",2513,3800031829,46,42,42,154.56,3.36,3.36,0,0,0,2011-04-13,2011,4,13,0,0
"20-04-2011",2513,3800031829,21,20,20,70.56,3.36,3.36,0,0,0,2011-04-20,2011,4,20,0,0
"27-04-2011",2513,3800031829,35,33,32,117.6,3.36,3.36,0,0,0,2011-04-27,2011,4,27,0,0
"04-05-2011",2513,3800031829,27,26,26,90.72,3.36,3.36,0,0,0,2011-05-04,2011,5,4,0,0
"11-05-2011",2513,3800031829,30,26,26,100.8,3.36,3.36,0,0,0,2011-05-11,2011,5,11,0,0
"18-05-2011",2513,3800031829,28,28,28,94.08,3.36,3.36,0,0,0,2011-05-18,2011,5,18,0,0
"25-05-2011",2513,3800031829,18,18,18,60.48,3.36,3.36,0,0,0,2011-05-25,2011,5,25,0,0
"01-06-2011",2513,3800031829,30,28,28,100.8,3.36,3.36,0,0,0,2011-06-01,2011,6,1,0,0
"08-06-2011",2513,3800031829,25,24,24,84,3.36,3.36,0,0,0,2011-06-08,2011,6,8,0,0
"15-06-2011",2513,3800031829,30,27,27,100.8,3.36,3.36,0,0,0,2011-06-15,2011,6,15,0,0
"22-06-2011",2513,3800031829,75,57,56,193.5,2.58,3.36,1,1,0,2011-06-22,2011,6,22,-0.78,-0.232142857142857
"29-06-2011",2513,3800031829,53,47,46,145.75,2.75,3.36,1,1,0,2011-06-29,2011,6,29,-0.61,-0.181547619047619
"06-07-2011",2513,3800031829,19,19,19,63.84,3.36,3.36,0,0,0,2011-07-06,2011,7,6,0,0
"13-07-2011",2513,3800031829,29,27,27,97.44,3.36,3.36,0,0,0,2011-07-13,2011,7,13,0,0
"20-07-2011",2513,3800031829,22,22,22,73.92,3.36,3.36,0,0,0,2011-07-20,2011,7,20,0,0
"27-07-2011",2513,3800031829,26,23,22,87.36,3.36,3.36,0,0,0,2011-07-27,2011,7,27,0,0
"03-08-2011",2513,3800031829,26,26,26,87.36,3.36,3.36,0,0,0,2011-08-03,2011,8,3,0,0
"10-08-2011",2513,3800031829,35,34,34,117.6,3.36,3.36,0,0,0,2011-08-10,2011,8,10,0,0
"17-08-2011",2513,3800031829,28,26,26,94.08,3.36,3.36,0,0,0,2011-08-17,2011,8,17,0,0
"24-08-2011",2513,3800031829,29,30,29,97.44,3.36,3.36,0,0,0,2011-08-24,2011,8,24,0,0
"31-08-2011",2513,3800031829,31,30,30,104.16,3.36,3.36,0,0,0,2011-08-31,2011,8,31,0,0
"07-09-2011",2513,3800031829,38,33,33,127.68,3.36,3.36,0,0,0,2011-09-07,2011,9,7,0,0
"14-09-2011",2513,3800031829,27,26,26,90.72,3.36,3.36,0,0,0,2011-09-14,2011,9,14,0,0
"21-09-2011",2513,3800031829,47,42,42,156.04,3.32,3.32,0,0,0,2011-09-21,2011,9,21,0,0
"28-09-2011",2513,3800031829,59,55,55,198.24,3.36,3.36,0,0,0,2011-09-28,2011,9,28,0,0
"05-10-2011",2513,3800031829,60,61,60,201.6,3.36,3.36,0,0,0,2011-10-05,2011,10,5,0,0
"12-10-2011",2513,3800031829,41,41,41,136.12,3.32,3.32,0,0,0,2011-10-12,2011,10,12,0,0
"19-10-2011",2513,3800031829,47,44,41,157.92,3.36,3.36,0,0,0,2011-10-19,2011,10,19,0,0
"26-10-2011",2513,3800031829,33,31,31,110.88,3.36,3.36,0,0,0,2011-10-26,2011,10,26,0,0
"02-11-2011",2513,3800031829,32,30,30,105.92,3.31,3.31,0,0,0,2011-11-02,2011,11,2,0,0
"09-11-2011",2513,3800031829,40,38,38,134.4,3.36,3.36,0,0,0,2011-11-09,2011,11,9,0,0
"16-11-2011",2513,3800031829,39,38,38,131.04,3.36,3.36,0,0,0,2011-11-16,2011,11,16,0,0
"23-11-2011",2513,3800031829,33,32,31,110.88,3.36,3.36,0,0,0,2011-11-23,2011,11,23,0,0
"30-11-2011",2513,3800031829,27,26,26,90.72,3.36,3.36,0,0,0,2011-11-30,2011,11,30,0,0
"07-12-2011",2513,3800031829,45,44,44,151.2,3.36,3.36,0,0,0,2011-12-07,2011,12,7,0,0
"14-12-2011",2513,3800031829,24,23,23,80.64,3.36,3.36,0,0,0,2011-12-14,2011,12,14,0,0
"21-12-2011",2513,3800031829,31,31,30,104.16,3.36,3.36,0,0,0,2011-12-21,2011,12,21,0,0
"28-12-2011",2513,3800031829,17,17,17,57.12,3.36,3.36,0,0,0,2011-12-28,2011,12,28,0,0
"04-01-2012",2513,3800031829,32,28,26,109.76,3.43,3.43,0,0,0,2012-01-04,2012,1,4,0,0
